// Jest Snapshot v1, https://goo.gl/fbAQLP

exports[`yarn outdated --check should return exit code 0 when dependencies are up to date 1`] = `
"➤ YN0000: ┌ Checking for outdated dependencies
➤ YN0000: └ Completed

➤ YN0000: ✨ All your dependencies are up to date!
➤ YN0000: Done
"
`;

exports[`yarn outdated --check should return exit code 1 when outdated dependencies are found 1`] = `
"➤ YN0000: ┌ Checking for outdated dependencies
➤ YN0000: └ Completed

➤ YN0000: Package   Current   Latest   Package Type
➤ YN0000: patch     1.0.0     1.0.1    dependencies

➤ YN0000: 1 dependency is out of date
➤ YN0000: Failed with errors
"
`;
