// Jest Snapshot v1, https://goo.gl/fbAQLP

exports[`yarn outdated --json should show outdated dependencies 1`] = `
Array [
  Object {
    "current": "1.0.0",
    "latest": "1.1.0",
    "name": "minor",
    "type": "devDependencies",
  },
  Object {
    "current": "1.0.0",
    "latest": "1.0.1",
    "name": "patch",
    "type": "dependencies",
  },
]
`;
