// Jest Snapshot v1, https://goo.gl/fbAQLP

exports[`can filter by an exact package name 1`] = `
"Package     Current   Latest   Package Type
package-a   1.0.0     1.1.0    dependencies
"
`;

exports[`can filter using a wildcard 1`] = `
"Package                 Current   Latest   Package Type
@test-scope/package-a   0.0.1     1.0.0    dependencies
@test-scope/package-b   1.1.0     2.0.0    dependencies
"
`;
